✅ All test cases passed successfully!
Generated on: Tue Jun 16 09:38:52 UTC 2026
Commit SHA: 6d491e676cf2f17c2d134807db92d254c5cbf7c6
